
Map of Debug\pwm.sm8 from link file Debug\pwm.lkf - Fri Sep 30 17:18:26 2016


                               --------
                               Segments
                               --------

start 00008080 end 000080a4 length    36 segment .const
start 000080e0 end 00008e41 length  3425 segment .text
start 00004000 end 00004000 length     0 segment .eeprom
start 00000000 end 00000034 length    52 segment .bsct, initialized
start 000080ac end 000080e0 length    52 segment .bsct, from
start 00000034 end 00000066 length    50 segment .ubsct
start 00000066 end 00000066 length     0 segment .bit
start 00000066 end 00000066 length     0 segment .share
start 00000100 end 00000100 length     0 segment .data
start 00000100 end 00000100 length     0 segment .bss
start 00000000 end 00000d14 length  3348 segment .info.
start 00000000 end 0000d984 length 55684 segment .debug
start 00008000 end 00008080 length   128 segment .const
start 000080a4 end 000080ac length     8 segment .init


                               -------
                               Modules
                               -------

C:\Program Files (x86)\COSMIC\CXSTM8_32K\Lib\crtsi0.sm8:
start 000080e0 end 0000812b length    75 section .text
start 00000100 end 00000100 length     0 section .bss
start 00000034 end 00000034 length     0 section .ubsct
start 00000000 end 0000002f length    47 section .info.

Debug\stm8s_adc1.o:
start 00000000 end 000015f1 length  5617 section .debug
start 0000002f end 000000b9 length   138 section .info.
start ******** end ******** length     0 section .text *** removed ***
start 0000812b end 00008153 length    40 section .text
start 00008153 end 00008160 length    13 section .text
start ******** end ******** length     0 section .text *** removed ***
start ******** end ******** length     0 section .text *** removed ***
start ******** end ******** length     0 section .text *** removed ***
start 00008160 end 00008173 length    19 section .text
start 00008173 end 000081e7 length   116 section .text
start 000081e7 end 00008214 length    45 section .text
start 00008214 end 00008235 length    33 section .text
start 00008235 end 0000823a length     5 section .text
start 0000823a end 0000826c length    50 section .text
start ******** end ******** length     0 section .text *** removed ***
start ******** end ******** length     0 section .text *** removed ***
start ******** end ******** length     0 section .text *** removed ***
start ******** end ******** length     0 section .text *** removed ***
start ******** end ******** length     0 section .text *** removed ***
start ******** end ******** length     0 section .text *** removed ***
start ******** end ******** length     0 section .text *** removed ***
start ******** end ******** length     0 section .text *** removed ***
start ******** end ******** length     0 section .text *** removed ***

Debug\stm8s_clk.o:
start 000015f1 end 00002c60 length  5743 section .debug
start 000000b9 end 00000142 length   137 section .info.
start 00008080 end 0000808c length    12 section .const
start ******** end ******** length     0 section .text *** removed ***
start ******** end ******** length     0 section .text *** removed ***
start ******** end ******** length     0 section .text *** removed ***
start ******** end ******** length     0 section .text *** removed ***
start ******** end ******** length     0 section .text *** removed ***
start ******** end ******** length     0 section .text *** removed ***
start ******** end ******** length     0 section .text *** removed ***
start ******** end ******** length     0 section .text *** removed ***
start ******** end ******** length     0 section .text *** removed ***
start 0000826c end 000082f5 length   137 section .text
start 000082f5 end 00008308 length    19 section .text
start ******** end ******** length     0 section .text *** removed ***
start ******** end ******** length     0 section .text *** removed ***
start ******** end ******** length     0 section .text *** removed ***
start ******** end ******** length     0 section .text *** removed ***
start ******** end ******** length     0 section .text *** removed ***
start ******** end ******** length     0 section .text *** removed ***
start 00008308 end 00008369 length    97 section .text
start ******** end ******** length     0 section .text *** removed ***
start ******** end ******** length     0 section .text *** removed ***
start ******** end ******** length     0 section .text *** removed ***
start ******** end ******** length     0 section .text *** removed ***
start ******** end ******** length     0 section .text *** removed ***

Debug\stm8s_flash.o:
start 00002c60 end 00003a3f length  3551 section .debug
start 00000142 end 000001cd length   139 section .info.
start 00008369 end 0000837f length    22 section .text
start 0000837f end 00008386 length     7 section .text
start ******** end ******** length     0 section .text *** removed ***
start ******** end ******** length     0 section .text *** removed ***
start ******** end ******** length     0 section .text *** removed ***
start ******** end ******** length     0 section .text *** removed ***
start ******** end ******** length     0 section .text *** removed ***
start ******** end ******** length     0 section .text *** removed ***
start 00008386 end 000083b2 length    44 section .text
start 000083b2 end 000083d9 length    39 section .text
start ******** end ******** length     0 section .text *** removed ***
start ******** end ******** length     0 section .text *** removed ***
start ******** end ******** length     0 section .text *** removed ***
start ******** end ******** length     0 section .text *** removed ***
start ******** end ******** length     0 section .text *** removed ***
start ******** end ******** length     0 section .text *** removed ***
start ******** end ******** length     0 section .text *** removed ***
start 000083d9 end 00008412 length    57 section .text
start ******** end ******** length     0 section .text *** removed ***
start ******** end ******** length     0 section .text *** removed ***

Debug\stm8s_gpio.o:
start 00003a3f end 00004449 length  2570 section .debug
start 000001cd end 00000257 length   138 section .info.
start ******** end ******** length     0 section .text *** removed ***
start 00008412 end 00008467 length    85 section .text
start ******** end ******** length     0 section .text *** removed ***
start 00008467 end 0000846e length     7 section .text
start ******** end ******** length     0 section .text *** removed ***
start 0000846e end 00008475 length     7 section .text
start ******** end ******** length     0 section .text *** removed ***
start ******** end ******** length     0 section .text *** removed ***
start ******** end ******** length     0 section .text *** removed ***
start ******** end ******** length     0 section .text *** removed ***

Debug\stm8s_tim1.o:
start 00004449 end 000083d3 length 16266 section .debug
start 00000257 end 000002e1 length   138 section .info.
start ******** end ******** length     0 section .text *** removed ***
start 00008475 end 00008499 length    36 section .text
start ******** end ******** length     0 section .text *** removed ***
start ******** end ******** length     0 section .text *** removed ***
start ******** end ******** length     0 section .text *** removed ***
start ******** end ******** length     0 section .text *** removed ***
start ******** end ******** length     0 section .text *** removed ***
start ******** end ******** length     0 section .text *** removed ***
start ******** end ******** length     0 section .text *** removed ***
start 00008499 end 000084a6 length    13 section .text
start ******** end ******** length     0 section .text *** removed ***
start 000084a6 end 000084bc length    22 section .text
start ******** end ******** length     0 section .text *** removed ***
start ******** end ******** length     0 section .text *** removed ***
start ******** end ******** length     0 section .text *** removed ***
start ******** end ******** length     0 section .text *** removed ***
start ******** end ******** length     0 section .text *** removed ***
start ******** end ******** length     0 section .text *** removed ***
start ******** end ******** length     0 section .text *** removed ***
start ******** end ******** length     0 section .text *** removed ***
start ******** end ******** length     0 section .text *** removed ***
start ******** end ******** length     0 section .text *** removed ***
start ******** end ******** length     0 section .text *** removed ***
start ******** end ******** length     0 section .text *** removed ***
start ******** end ******** length     0 section .text *** removed ***
start ******** end ******** length     0 section .text *** removed ***
start ******** end ******** length     0 section .text *** removed ***
start ******** end ******** length     0 section .text *** removed ***
start ******** end ******** length     0 section .text *** removed ***
start ******** end ******** length     0 section .text *** removed ***
start ******** end ******** length     0 section .text *** removed ***
start ******** end ******** length     0 section .text *** removed ***
start 000084bc end 000084c9 length    13 section .text
start ******** end ******** length     0 section .text *** removed ***
start ******** end ******** length     0 section .text *** removed ***
start ******** end ******** length     0 section .text *** removed ***
start ******** end ******** length     0 section .text *** removed ***
start ******** end ******** length     0 section .text *** removed ***
start ******** end ******** length     0 section .text *** removed ***
start ******** end ******** length     0 section .text *** removed ***
start ******** end ******** length     0 section .text *** removed ***
start ******** end ******** length     0 section .text *** removed ***
start ******** end ******** length     0 section .text *** removed ***
start ******** end ******** length     0 section .text *** removed ***
start ******** end ******** length     0 section .text *** removed ***
start ******** end ******** length     0 section .text *** removed ***
start ******** end ******** length     0 section .text *** removed ***
start ******** end ******** length     0 section .text *** removed ***
start ******** end ******** length     0 section .text *** removed ***
start ******** end ******** length     0 section .text *** removed ***
start ******** end ******** length     0 section .text *** removed ***
start ******** end ******** length     0 section .text *** removed ***
start ******** end ******** length     0 section .text *** removed ***
start ******** end ******** length     0 section .text *** removed ***
start 000084c9 end 000084d2 length     9 section .text
start ******** end ******** length     0 section .text *** removed ***
start ******** end ******** length     0 section .text *** removed ***
start ******** end ******** length     0 section .text *** removed ***
start ******** end ******** length     0 section .text *** removed ***
start ******** end ******** length     0 section .text *** removed ***
start ******** end ******** length     0 section .text *** removed ***
start ******** end ******** length     0 section .text *** removed ***
start ******** end ******** length     0 section .text *** removed ***
start ******** end ******** length     0 section .text *** removed ***
start ******** end ******** length     0 section .text *** removed ***
start ******** end ******** length     0 section .text *** removed ***
start ******** end ******** length     0 section .text *** removed ***
start ******** end ******** length     0 section .text *** removed ***
start ******** end ******** length     0 section .text *** removed ***
start ******** end ******** length     0 section .text *** removed ***
start ******** end ******** length     0 section .text *** removed ***
start ******** end ******** length     0 section .text *** removed ***
start ******** end ******** length     0 section .text *** removed ***
start 000084d2 end 000084d7 length     5 section .text
start ******** end ******** length     0 section .text *** removed ***
start ******** end ******** length     0 section .text *** removed ***
start ******** end ******** length     0 section .text *** removed ***
start ******** end ******** length     0 section .text *** removed ***

Debug\stm8s_tim2.o:
start 000083d3 end 0000a6e7 length  8980 section .debug
start 000002e1 end 0000036b length   138 section .info.
start 000084d7 end 00008530 length    89 section .text
start 00008530 end 00008540 length    16 section .text
start 00008540 end 00008572 length    50 section .text
start 00008572 end 000085a4 length    50 section .text
start 000085a4 end 000085d6 length    50 section .text
start ******** end ******** length     0 section .text *** removed ***
start ******** end ******** length     0 section .text *** removed ***
start 000085d6 end 000085e3 length    13 section .text
start ******** end ******** length     0 section .text *** removed ***
start ******** end ******** length     0 section .text *** removed ***
start ******** end ******** length     0 section .text *** removed ***
start ******** end ******** length     0 section .text *** removed ***
start ******** end ******** length     0 section .text *** removed ***
start ******** end ******** length     0 section .text *** removed ***
start ******** end ******** length     0 section .text *** removed ***
start ******** end ******** length     0 section .text *** removed ***
start 000085e3 end 000085f0 length    13 section .text
start 000085f0 end 000085fd length    13 section .text
start 000085fd end 0000860a length    13 section .text
start 0000860a end 00008617 length    13 section .text
start ******** end ******** length     0 section .text *** removed ***
start ******** end ******** length     0 section .text *** removed ***
start ******** end ******** length     0 section .text *** removed ***
start ******** end ******** length     0 section .text *** removed ***
start ******** end ******** length     0 section .text *** removed ***
start ******** end ******** length     0 section .text *** removed ***
start ******** end ******** length     0 section .text *** removed ***
start ******** end ******** length     0 section .text *** removed ***
start ******** end ******** length     0 section .text *** removed ***
start ******** end ******** length     0 section .text *** removed ***
start ******** end ******** length     0 section .text *** removed ***
start ******** end ******** length     0 section .text *** removed ***
start ******** end ******** length     0 section .text *** removed ***
start ******** end ******** length     0 section .text *** removed ***
start ******** end ******** length     0 section .text *** removed ***
start ******** end ******** length     0 section .text *** removed ***
start ******** end ******** length     0 section .text *** removed ***
start ******** end ******** length     0 section .text *** removed ***
start ******** end ******** length     0 section .text *** removed ***
start ******** end ******** length     0 section .text *** removed ***
start ******** end ******** length     0 section .text *** removed ***
start ******** end ******** length     0 section .text *** removed ***
start ******** end ******** length     0 section .text *** removed ***
start ******** end ******** length     0 section .text *** removed ***
start ******** end ******** length     0 section .text *** removed ***
start ******** end ******** length     0 section .text *** removed ***

Debug\stm8s_uart1.o:
start 0000a6e7 end 0000bad3 length  5100 section .debug
start 0000036b end 000003f6 length   139 section .info.
start 00008617 end 00008642 length    43 section .text
start 0000808c end 00008090 length     4 section .const
start 00008642 end 00008769 length   295 section .text
start 00008769 end 00008776 length    13 section .text
start 00008776 end 000087da length   100 section .text
start ******** end ******** length     0 section .text *** removed ***
start ******** end ******** length     0 section .text *** removed ***
start ******** end ******** length     0 section .text *** removed ***
start ******** end ******** length     0 section .text *** removed ***
start ******** end ******** length     0 section .text *** removed ***
start ******** end ******** length     0 section .text *** removed ***
start ******** end ******** length     0 section .text *** removed ***
start ******** end ******** length     0 section .text *** removed ***
start ******** end ******** length     0 section .text *** removed ***
start ******** end ******** length     0 section .text *** removed ***
start ******** end ******** length     0 section .text *** removed ***
start 000087da end 000087de length     4 section .text
start ******** end ******** length     0 section .text *** removed ***
start ******** end ******** length     0 section .text *** removed ***
start ******** end ******** length     0 section .text *** removed ***
start ******** end ******** length     0 section .text *** removed ***
start ******** end ******** length     0 section .text *** removed ***
start 000087de end 0000880c length    46 section .text
start ******** end ******** length     0 section .text *** removed ***
start ******** end ******** length     0 section .text *** removed ***
start ******** end ******** length     0 section .text *** removed ***

Debug\adc.o:
start 0000bad3 end 0000c0c9 length  1526 section .debug
start 000003f6 end 00000479 length   131 section .info.
start 0000880c end 00008828 length    28 section .text
start ******** end ******** length     0 section .text *** removed ***
start ******** end ******** length     0 section .text *** removed ***
start 00008828 end 0000884d length    37 section .text
start ******** end ******** length     0 section .text *** removed ***

Debug\i2c_slave_interrupt.o:
start 00000034 end 0000005a length    38 section .ubsct
start 0000c0c9 end 0000c3c2 length   761 section .debug
start 00000479 end 0000050c length   147 section .info.
start 0000884d end 00008852 length     5 section .text
start 00008852 end 00008853 length     1 section .text
start 00008853 end 00008878 length    37 section .text
start 00008878 end 00008887 length    15 section .text
start 00008887 end 00008917 length   144 section .text
start 00008917 end 00008948 length    49 section .text

Debug\led.o:
start 0000c3c2 end 0000c768 length   934 section .debug
start 0000050c end 0000058f length   131 section .info.
start 00008948 end 0000895f length    23 section .text
start 0000895f end 0000897b length    28 section .text
start ******** end ******** length     0 section .text *** removed ***
start 0000897b end 0000899c length    33 section .text
start ******** end ******** length     0 section .text *** removed ***
start ******** end ******** length     0 section .text *** removed ***

Debug\main.o:
start 00000000 end 00000022 length    34 section .bsct
start 0000c768 end 0000c8d9 length   369 section .debug
start 0000058f end 00000613 length   132 section .info.
start 0000899c end 000089a3 length     7 section .text
start 000089a3 end 00008a2b length   136 section .text
start 00008090 end 000080a4 length    20 section .const

Debug\pwm.o:
start 0000c8d9 end 0000caa7 length   462 section .debug
start 00000613 end 00000696 length   131 section .info.
start 00008a2b end 00008a79 length    78 section .text
start 00008a79 end 00008a90 length    23 section .text
start 00008a90 end 00008aa7 length    23 section .text
start 00008aa7 end 00008abe length    23 section .text

Debug\stm8s_it.o:
start 0000caa7 end 0000d0d7 length  1584 section .debug
start 00000696 end 0000071e length   136 section .info.
start 00008abe end 00008abf length     1 section .text
start 00008abf end 00008ac0 length     1 section .text
start 00008ac0 end 00008ac1 length     1 section .text
start 00008ac1 end 00008ac2 length     1 section .text
start 00008ac2 end 00008ac3 length     1 section .text
start 00008ac3 end 00008ac4 length     1 section .text
start 00008ac4 end 00008ac5 length     1 section .text
start 00008ac5 end 00008ac6 length     1 section .text
start 00008ac6 end 00008ac7 length     1 section .text
start 00008ac7 end 00008ac8 length     1 section .text
start 00008ac8 end 00008ac9 length     1 section .text
start 00008ac9 end 00008aea length    33 section .text
start 00008aea end 00008aeb length     1 section .text
start 00008aeb end 00008aec length     1 section .text
start 00008aec end 00008aed length     1 section .text
start 00008aed end 00008aee length     1 section .text
start 00008aee end 00008aef length     1 section .text
start ******** end ******** length     0 section .text *** removed ***
start 00008aef end 00008af0 length     1 section .text
start 00008af0 end 00008af1 length     1 section .text
start 00008af1 end 00008af2 length     1 section .text

Debug\sysclock.o:
start 0000d0d7 end 0000d3ac length   725 section .debug
start 0000071e end 000007a6 length   136 section .info.
start 00008af2 end 00008b1c length    42 section .text
start 00008b1c end 00008b37 length    27 section .text
start 00008b37 end 00008b5b length    36 section .text

Debug\tim1.o:
start 00000022 end 00000034 length    18 section .bsct
start 0000005a end 0000005c length     2 section .ubsct
start 0000d3ac end 0000d6d0 length   804 section .debug
start 000007a6 end 0000082a length   132 section .info.
start 00008b5b end 00008b81 length    38 section .text
start 00008b81 end 00008bf9 length   120 section .text
start ******** end ******** length     0 section .text *** removed ***

Debug\uart1.o:
start 0000d6d0 end 0000d85e length   398 section .debug
start 0000082a end 000008af length   133 section .info.
start 00008bf9 end 00008c21 length    40 section .text
start 00008c21 end 00008c2e length    13 section .text
start 00008c2e end 00008c4d length    31 section .text

(C:\Program Files (x86)\COSMIC\CXSTM8_32K\Lib\libis0.sm8)strlen0.o:
start 00008c4d end 00008c59 length    12 section .text
start 000008af end 000008dd length    46 section .info.

(C:\Program Files (x86)\COSMIC\CXSTM8_32K\Lib\libm0.sm8)cmulx.o:
start ******** end ******** length     0 section .text *** removed ***
start 000008dd end 0000090c length    47 section .info.

(C:\Program Files (x86)\COSMIC\CXSTM8_32K\Lib\libm0.sm8)ladd.o:
start ******** end ******** length     0 section .text *** removed ***
start 0000090c end 0000093a length    46 section .info.

(C:\Program Files (x86)\COSMIC\CXSTM8_32K\Lib\libm0.sm8)lgadd.o:
start ******** end ******** length     0 section .text *** removed ***
start 0000093a end 00000969 length    47 section .info.

(C:\Program Files (x86)\COSMIC\CXSTM8_32K\Lib\libm0.sm8)lgsbc.o:
start 00008c59 end 00008c6f length    22 section .text
start 00000969 end 00000998 length    47 section .info.

(C:\Program Files (x86)\COSMIC\CXSTM8_32K\Lib\libm0.sm8)llsh.o:
start 00008c6f end 00008c7e length    15 section .text
start 00000998 end 000009c6 length    46 section .info.

(C:\Program Files (x86)\COSMIC\CXSTM8_32K\Lib\libm0.sm8)lreg.o:
start 0000005c end 00000060 length     4 section .ubsct
start 000009c6 end 000009f4 length    46 section .info.

(C:\Program Files (x86)\COSMIC\CXSTM8_32K\Lib\libm0.sm8)lsub.o:
start 00008c7e end 00008c96 length    24 section .text
start 000009f4 end 00000a22 length    46 section .info.

(C:\Program Files (x86)\COSMIC\CXSTM8_32K\Lib\libm0.sm8)ltor.o:
start 00008c96 end 00008ca8 length    18 section .text
start 00000a22 end 00000a50 length    46 section .info.

(C:\Program Files (x86)\COSMIC\CXSTM8_32K\Lib\libm0.sm8)ludiv.o:
start 00008ca8 end 00008cbc length    20 section .text
start 00000a50 end 00000a7f length    47 section .info.

(C:\Program Files (x86)\COSMIC\CXSTM8_32K\Lib\libm0.sm8)ldiv.o:
start 00008cbc end 00008da7 length   235 section .text
start 00000a7f end 00000aad length    46 section .info.

(C:\Program Files (x86)\COSMIC\CXSTM8_32K\Lib\libm0.sm8)lgneg.o:
start 00008da7 end 00008dba length    19 section .text
start 00000aad end 00000adc length    47 section .info.

(C:\Program Files (x86)\COSMIC\CXSTM8_32K\Lib\libm0.sm8)lneg.o:
start 00008dba end 00008dcf length    21 section .text
start 00000adc end 00000b0a length    46 section .info.

(C:\Program Files (x86)\COSMIC\CXSTM8_32K\Lib\libm0.sm8)lursh.o:
start 00008dcf end 00008dde length    15 section .text
start 00000b0a end 00000b39 length    47 section .info.

(C:\Program Files (x86)\COSMIC\CXSTM8_32K\Lib\libm0.sm8)lzmp.o:
start 00008dde end 00008df0 length    18 section .text
start 00000b39 end 00000b67 length    46 section .info.

(C:\Program Files (x86)\COSMIC\CXSTM8_32K\Lib\libm0.sm8)rtol.o:
start 00008df0 end 00008e02 length    18 section .text
start 00000b67 end 00000b95 length    46 section .info.

(C:\Program Files (x86)\COSMIC\CXSTM8_32K\Lib\libm0.sm8)smul.o:
start 00008e02 end 00008e41 length    63 section .text
start 00000b95 end 00000bc3 length    46 section .info.

(C:\Program Files (x86)\COSMIC\CXSTM8_32K\Lib\libm0.sm8)umul.o:
start ******** end ******** length     0 section .text *** removed ***
start 00000bc3 end 00000bf1 length    46 section .info.

(C:\Program Files (x86)\COSMIC\CXSTM8_32K\Lib\libm0.sm8)xreg.o:
start 00000060 end 00000063 length     3 section .ubsct
start 00000bf1 end 00000c1f length    46 section .info.

(C:\Program Files (x86)\COSMIC\CXSTM8_32K\Lib\libm0.sm8)yreg.o:
start 00000063 end 00000066 length     3 section .ubsct
start 00000c1f end 00000c4d length    46 section .info.

Debug\stm8_interrupt_vector.o:
start 0000d85e end 0000d984 length   294 section .debug
start 00000c4d end 00000ce2 length   149 section .info.
start 00008000 end 00008080 length   128 section .const


                             -----------
                             Stack usage
                             -----------

Debug\adc.o:
_ADC_Init                              17   (2)
_OneChannelGetADValue                  19   (4)

Debug\i2c_slave_interrupt.o:
_I2C_byte_received                      3   (3)
_I2C_byte_write                         2   (2)
_I2C_transaction_begin                  2   (2)
_I2C_transaction_end                    2   (2)
_Init_I2C                               2   (2)
f_I2C_Slave_check_event            >   14   (11)

Debug\led.o:
_LED_Init                               8   (2)
_LED_Reverse                            8   (3)
_SetLedOFF                              7   (2)

Debug\main.o:
_Check_I2c_Data                         3   (3)
_main                              >   53   (3)

Debug\pwm.o:
_Pwm_Init                              10   (2)
_Set_Pwm_Channel1                      10   (2)
_Set_Pwm_Channel2                      10   (2)
_Set_Pwm_Channel3                      10   (2)

Debug\stm8s_adc1.o:
_ADC1_Cmd                               2   (2)
_ADC1_ConversionConfig                  5   (5)
_ADC1_ExternalTriggerConfig             4   (4)
_ADC1_GetConversionValue                7   (7)
_ADC1_Init                             15   (10)
_ADC1_PrescalerConfig                   3   (3)
_ADC1_SchmittTriggerConfig              4   (4)
_ADC1_StartConversion                   2   (2)

Debug\stm8s_clk.o:
_CLK_ClockSwitchConfig                 10   (10)
_CLK_GetClockFreq                      25   (11)
_CLK_HSIPrescalerConfig                 3   (3)

Debug\stm8s_flash.o:
_FLASH_EraseOptionByte                 13   (4)
_FLASH_Lock                             2   (2)
_FLASH_ProgramOptionByte               14   (5)
_FLASH_Unlock                           2   (2)
_FLASH_WaitForLastOperation             9   (7)

Debug\stm8s_gpio.o:
_GPIO_Init                              6   (6)
_GPIO_WriteHigh                         5   (5)
_GPIO_WriteReverse                      5   (5)

Debug\stm8s_it.o:
f_ADC1_IRQHandler                  >    5   (5)
f_AWU_IRQHandler                   >    5   (5)
f_CLK_IRQHandler                   >    5   (5)
f_EEPROM_EEC_IRQHandler            >    5   (5)
f_EXTI_PORTA_IRQHandler            >    5   (5)
f_EXTI_PORTB_IRQHandler            >    5   (5)
f_EXTI_PORTC_IRQHandler            >    5   (5)
f_EXTI_PORTD_IRQHandler            >    5   (5)
f_EXTI_PORTE_IRQHandler            >    5   (5)
f_NonHandledInterrupt              >    5   (5)
f_SPI_IRQHandler                   >    5   (5)
f_TIM1_CAP_COM_IRQHandler          >    5   (5)
f_TIM1_UPD_OVF_TRG_BRK_IRQHandler  >   13   (11)
f_TIM2_CAP_COM_IRQHandler          >    5   (5)
f_TIM2_UPD_OVF_BRK_IRQHandler      >    5   (5)
f_TIM4_UPD_OVF_IRQHandler          >    5   (5)
f_TLI_IRQHandler                   >    5   (5)
f_TRAP_IRQHandler                  >    5   (5)
f_UART1_RX_IRQHandler              >    5   (5)
f_UART1_TX_IRQHandler              >    5   (5)

Debug\stm8s_tim1.o:
_TIM1_ARRPreloadConfig                  2   (2)
_TIM1_ClearITPendingBit                 2   (2)
_TIM1_Cmd                               2   (2)
_TIM1_ITConfig                          4   (4)
_TIM1_SetCounter                        2   (2)
_TIM1_TimeBaseInit                      8   (8)

Debug\stm8s_tim2.o:
_TIM2_ARRPreloadConfig                  2   (2)
_TIM2_Cmd                               2   (2)
_TIM2_DeInit                            2   (2)
_TIM2_OC1Init                           8   (8)
_TIM2_OC1PreloadConfig                  2   (2)
_TIM2_OC2Init                           8   (8)
_TIM2_OC2PreloadConfig                  2   (2)
_TIM2_OC3Init                           8   (8)
_TIM2_OC3PreloadConfig                  2   (2)
_TIM2_TimeBaseInit                      5   (5)

Debug\stm8s_uart1.o:
_UART1_Cmd                              2   (2)
_UART1_DeInit                           2   (2)
_UART1_GetFlagStatus                    5   (5)
_UART1_ITConfig                         7   (7)
_UART1_Init                            48   (23)
_UART1_SendData8                        2   (2)

Debug\sysclock.o:
L3_HSE_ClockStartUpConfiguration       18   (4)
_DefaultSystemClockForHSI              15   (2)
_SystemClock_Init                      20   (2)

Debug\tim1.o:
_Tim1_Init                             10   (2)
_TimingDelay_Decrement                  2   (2)

Debug\uart1.o:
_UART1_SendByte                         7   (2)
_UART1_SendString                      13   (6)
_Uart1_Init                            50   (2)

C:\Program Files (x86:
_strlen                                 2   (2)

Stack size: 67


                              ---------
                              Call tree
                              ---------
   1 > __stext: (0)

   2 > _main: (3)
   3      + _ADC_Init: (2)
   4      |    + _ADC1_Cmd: (2)
   5      |    + _ADC1_Init: (10)
   6      |    |    + _ADC1_ConversionConfig: (5)
   7      |    |    + _ADC1_ExternalTriggerConfig: (4)
   8      |    |    + _ADC1_PrescalerConfig: (3)
   9      |    |    + _ADC1_SchmittTriggerConfig: (4)
          |    | 
          | 
  10      + _Check_I2c_Data: (3)
  11      + _Init_I2C: (2)
  12      + _LED_Init: (2)
  13      |    + _GPIO_Init: (6)
          | 
  14      + _LED_Reverse: (3)
  15      |    + _GPIO_WriteReverse: (5)
          | 
  16      + _OneChannelGetADValue: (4)
  17      |    + _ADC1_Cmd --> 4
  18      |    + _ADC1_GetConversionValue: (7)
  19      |    + _ADC1_Init --> 5
  20      |    + _ADC1_StartConversion: (2)
          | 
  21      + _Pwm_Init: (2)
  22      |    + _TIM2_ARRPreloadConfig: (2)
  23      |    + _TIM2_Cmd: (2)
  24      |    + _TIM2_DeInit: (2)
  25      |    + _TIM2_OC1Init: (8)
  26      |    + _TIM2_OC1PreloadConfig: (2)
  27      |    + _TIM2_OC2Init: (8)
  28      |    + _TIM2_OC2PreloadConfig: (2)
  29      |    + _TIM2_OC3Init: (8)
  30      |    + _TIM2_OC3PreloadConfig: (2)
  31      |    + _TIM2_TimeBaseInit: (5)
          | 
  32      + _SetLedOFF: (2)
  33      |    + _GPIO_WriteHigh: (5)
          | 
  34      + _Set_Pwm_Channel1: (2)
  35      |    + _TIM2_OC1Init --> 25
  36      |    + _TIM2_OC1PreloadConfig --> 26
          | 
  37      + _Set_Pwm_Channel2: (2)
  38      |    + _TIM2_OC2Init --> 27
  39      |    + _TIM2_OC2PreloadConfig --> 28
          | 
  40      + _Set_Pwm_Channel3: (2)
  41      |    + _TIM2_OC3Init --> 29
  42      |    + _TIM2_OC3PreloadConfig --> 30
          | 
  43      + _SystemClock_Init: (2)
  44      |    + L3_HSE_ClockStartUpConfiguration: (4)
  45      |    |    + _FLASH_Lock: (2)
  46      |    |    + _FLASH_ProgramOptionByte: (5)
  47      |    |    |    + _FLASH_WaitForLastOperation: (7)
          |    |    | 
  48      |    |    + _FLASH_Unlock: (2)
          |    | 
  49      |    + _CLK_ClockSwitchConfig: (10)
  50      |    + _CLK_HSIPrescalerConfig: (3)
  51      |    + _DefaultSystemClockForHSI: (2)
  52      |    |    + _FLASH_EraseOptionByte: (4)
  53      |    |    |    + _FLASH_WaitForLastOperation --> 47
          |    |    | 
  54      |    |    + _FLASH_Lock --> 45
  55      |    |    + _FLASH_Unlock --> 48
          |    | 
          | 
  56      + _Tim1_Init: (2)
  57      |    + _TIM1_ARRPreloadConfig: (2)
  58      |    + _TIM1_Cmd: (2)
  59      |    + _TIM1_ITConfig: (4)
  60      |    + _TIM1_SetCounter: (2)
  61      |    + _TIM1_TimeBaseInit: (8)
          | 
  62      + _UART1_SendByte: (2)
  63      |    + _UART1_GetFlagStatus: (5)
  64      |    + _UART1_SendData8: (2)
          | 
  65      + _UART1_SendString: (6)
  66      |    + _UART1_SendByte --> 62
  67      |    + _strlen: (2)
          | 
  68      + _Uart1_Init: (2)
  69      |    + _UART1_Cmd: (2)
  70      |    + _UART1_DeInit: (2)
  71      |    + _UART1_ITConfig: (7)
  72      |    + _UART1_Init: (23)
  73      |    |    + _CLK_GetClockFreq: (11)
          |    | 
          | 
       
  74 > f_ADC1_IRQHandler: (5)

  75 > f_AWU_IRQHandler: (5)

  76 > f_CLK_IRQHandler: (5)

  77 > f_EEPROM_EEC_IRQHandler: (5)

  78 > f_EXTI_PORTA_IRQHandler: (5)

  79 > f_EXTI_PORTB_IRQHandler: (5)

  80 > f_EXTI_PORTC_IRQHandler: (5)

  81 > f_EXTI_PORTD_IRQHandler: (5)

  82 > f_EXTI_PORTE_IRQHandler: (5)

  83 > f_I2C_Slave_check_event: (11)
  84      + _I2C_byte_received: (3)
  85      + _I2C_byte_write: (2)
  86      + _I2C_transaction_begin: (2)
  87      + _I2C_transaction_end: (2)
       
  88 > f_NonHandledInterrupt: (5)

  89 > f_SPI_IRQHandler: (5)

  90 > f_TIM1_CAP_COM_IRQHandler: (5)

  91 > f_TIM1_UPD_OVF_TRG_BRK_IRQHandler: (11)
  92      + _TIM1_ClearITPendingBit: (2)
  93      + _TimingDelay_Decrement: (2)
       
  94 > f_TIM2_CAP_COM_IRQHandler: (5)

  95 > f_TIM2_UPD_OVF_BRK_IRQHandler: (5)

  96 > f_TIM4_UPD_OVF_IRQHandler: (5)

  97 > f_TLI_IRQHandler: (5)

  98 > f_TRAP_IRQHandler: (5)

  99 > f_UART1_RX_IRQHandler: (5)

 100 > f_UART1_TX_IRQHandler: (5)

 101   L3_HSE_ClockStartUpConfiguration --> 44

 102   _ADC1_Cmd --> 4

 103   _ADC1_ConversionConfig --> 6

 104   _ADC1_ExternalTriggerConfig --> 7

 105   _ADC1_GetConversionValue --> 18

 106   _ADC1_Init --> 5

 107   _ADC1_PrescalerConfig --> 8

 108   _ADC1_SchmittTriggerConfig --> 9

 109   _ADC1_StartConversion --> 20

 110   _ADC_Init --> 3

 111   _CLK_ClockSwitchConfig --> 49

 112   _CLK_GetClockFreq --> 73

 113   _CLK_HSIPrescalerConfig --> 50

 114   _Check_I2c_Data --> 10

 115   _DefaultSystemClockForHSI --> 51

 116   _FLASH_EraseOptionByte --> 52

 117   _FLASH_Lock --> 45

 118   _FLASH_ProgramOptionByte --> 46

 119   _FLASH_Unlock --> 48

 120   _FLASH_WaitForLastOperation --> 47

 121   _GPIO_Init --> 13

 122   _GPIO_WriteHigh --> 33

 123   _GPIO_WriteReverse --> 15

 124   _I2C_byte_received --> 84

 125   _I2C_byte_write --> 85

 126   _I2C_transaction_begin --> 86

 127   _I2C_transaction_end --> 87

 128   _Init_I2C --> 11

 129   _LED_Init --> 12

 130   _LED_Reverse --> 14

 131   _OneChannelGetADValue --> 16

 132   _Pwm_Init --> 21

 133   _SetLedOFF --> 32

 134   _Set_Pwm_Channel1 --> 34

 135   _Set_Pwm_Channel2 --> 37

 136   _Set_Pwm_Channel3 --> 40

 137   _SystemClock_Init --> 43

 138   _TIM1_ARRPreloadConfig --> 57

 139   _TIM1_ClearITPendingBit --> 92

 140   _TIM1_Cmd --> 58

 141   _TIM1_ITConfig --> 59

 142   _TIM1_SetCounter --> 60

 143   _TIM1_TimeBaseInit --> 61

 144   _TIM2_ARRPreloadConfig --> 22

 145   _TIM2_Cmd --> 23

 146   _TIM2_DeInit --> 24

 147   _TIM2_OC1Init --> 25

 148   _TIM2_OC1PreloadConfig --> 26

 149   _TIM2_OC2Init --> 27

 150   _TIM2_OC2PreloadConfig --> 28

 151   _TIM2_OC3Init --> 29

 152   _TIM2_OC3PreloadConfig --> 30

 153   _TIM2_TimeBaseInit --> 31

 154   _Tim1_Init --> 56

 155   _TimingDelay_Decrement --> 93

 156   _UART1_Cmd --> 69

 157   _UART1_DeInit --> 70

 158   _UART1_GetFlagStatus --> 63

 159   _UART1_ITConfig --> 71

 160   _UART1_Init --> 72

 161   _UART1_SendByte --> 62

 162   _UART1_SendData8 --> 64

 163   _UART1_SendString --> 65

 164   _Uart1_Init --> 68

 165   _strlen --> 67



                               -------
                               Symbols
                               -------

_ADC1_AWDChannelConfig              ********   *** removed from Debug\stm8s_adc1.o ***
_ADC1_ClearFlag                     ********   *** removed from Debug\stm8s_adc1.o ***
_ADC1_ClearITPendingBit             ********   *** removed from Debug\stm8s_adc1.o ***
_ADC1_Cmd                           00008153   defined in Debug\stm8s_adc1.o section .text
                                               used in Debug\adc.o
_ADC1_ConversionConfig              000081e7   defined in Debug\stm8s_adc1.o section .text
_ADC1_DataBufferCmd                 ********   *** removed from Debug\stm8s_adc1.o ***
_ADC1_DeInit                        ********   *** removed from Debug\stm8s_adc1.o ***
_ADC1_ExternalTriggerConfig         00008214   defined in Debug\stm8s_adc1.o section .text
_ADC1_GetAWDChannelStatus           ********   *** removed from Debug\stm8s_adc1.o ***
_ADC1_GetBufferValue                ********   *** removed from Debug\stm8s_adc1.o ***
_ADC1_GetConversionValue            0000823a   defined in Debug\stm8s_adc1.o section .text
                                               used in Debug\adc.o
_ADC1_GetFlagStatus                 ********   *** removed from Debug\stm8s_adc1.o ***
_ADC1_GetITStatus                   ********   *** removed from Debug\stm8s_adc1.o ***
_ADC1_ITConfig                      ********   *** removed from Debug\stm8s_adc1.o ***
_ADC1_Init                          0000812b   defined in Debug\stm8s_adc1.o section .text
                                               used in Debug\adc.o
_ADC1_PrescalerConfig               00008160   defined in Debug\stm8s_adc1.o section .text
_ADC1_ScanModeCmd                   ********   *** removed from Debug\stm8s_adc1.o ***
_ADC1_SchmittTriggerConfig          00008173   defined in Debug\stm8s_adc1.o section .text
_ADC1_SetHighThreshold              ********   *** removed from Debug\stm8s_adc1.o ***
_ADC1_SetLowThreshold               ********   *** removed from Debug\stm8s_adc1.o ***
_ADC1_StartConversion               00008235   defined in Debug\stm8s_adc1.o section .text
                                               used in Debug\adc.o
_ADC_Init                           0000880c   defined in Debug\adc.o section .text
                                               used in Debug\main.o
_CLKPrescTable                      00008084   defined in Debug\stm8s_clk.o section .const
_CLK_AdjustHSICalibrationValue      ********   *** removed from Debug\stm8s_clk.o ***
_CLK_CCOCmd                         ********   *** removed from Debug\stm8s_clk.o ***
_CLK_CCOConfig                      ********   *** removed from Debug\stm8s_clk.o ***
_CLK_ClearITPendingBit              ********   *** removed from Debug\stm8s_clk.o ***
_CLK_ClockSecuritySystemEnable      ********   *** removed from Debug\stm8s_clk.o ***
_CLK_ClockSwitchCmd                 ********   *** removed from Debug\stm8s_clk.o ***
_CLK_ClockSwitchConfig              0000826c   defined in Debug\stm8s_clk.o section .text
                                               used in Debug\sysclock.o
_CLK_DeInit                         ********   *** removed from Debug\stm8s_clk.o ***
_CLK_FastHaltWakeUpCmd              ********   *** removed from Debug\stm8s_clk.o ***
_CLK_GetClockFreq                   00008308   defined in Debug\stm8s_clk.o section .text
                                               used in Debug\stm8s_uart1.o
_CLK_GetFlagStatus                  ********   *** removed from Debug\stm8s_clk.o ***
_CLK_GetITStatus                    ********   *** removed from Debug\stm8s_clk.o ***
_CLK_GetSYSCLKSource                ********   *** removed from Debug\stm8s_clk.o ***
_CLK_HSECmd                         ********   *** removed from Debug\stm8s_clk.o ***
_CLK_HSICmd                         ********   *** removed from Debug\stm8s_clk.o ***
_CLK_HSIPrescalerConfig             000082f5   defined in Debug\stm8s_clk.o section .text
                                               used in Debug\sysclock.o
_CLK_ITConfig                       ********   *** removed from Debug\stm8s_clk.o ***
_CLK_LSICmd                         ********   *** removed from Debug\stm8s_clk.o ***
_CLK_PeripheralClockConfig          ********   *** removed from Debug\stm8s_clk.o ***
_CLK_SWIMConfig                     ********   *** removed from Debug\stm8s_clk.o ***
_CLK_SYSCLKConfig                   ********   *** removed from Debug\stm8s_clk.o ***
_CLK_SYSCLKEmergencyClear           ********   *** removed from Debug\stm8s_clk.o ***
_CLK_SlowActiveHaltWakeUpCmd        ********   *** removed from Debug\stm8s_clk.o ***
_Check_I2c_Data                     0000899c   defined in Debug\main.o section .text
_DefaultSystemClockForHSI           00008b1c   defined in Debug\sysclock.o section .text
_FLASH_DeInit                       ********   *** removed from Debug\stm8s_flash.o ***
_FLASH_EraseBlock                   ********   *** removed from Debug\stm8s_flash.o ***
_FLASH_EraseByte                    ********   *** removed from Debug\stm8s_flash.o ***
_FLASH_EraseOptionByte              000083b2   defined in Debug\stm8s_flash.o section .text
                                               used in Debug\sysclock.o
_FLASH_GetBootSize                  ********   *** removed from Debug\stm8s_flash.o ***
_FLASH_GetFlagStatus                ********   *** removed from Debug\stm8s_flash.o ***
_FLASH_GetLowPowerMode              ********   *** removed from Debug\stm8s_flash.o ***
_FLASH_GetProgrammingTime           ********   *** removed from Debug\stm8s_flash.o ***
_FLASH_ITConfig                     ********   *** removed from Debug\stm8s_flash.o ***
_FLASH_Lock                         0000837f   defined in Debug\stm8s_flash.o section .text
                                               used in Debug\sysclock.o
_FLASH_ProgramBlock                 ********   *** removed from Debug\stm8s_flash.o ***
_FLASH_ProgramByte                  ********   *** removed from Debug\stm8s_flash.o ***
_FLASH_ProgramOptionByte            00008386   defined in Debug\stm8s_flash.o section .text
                                               used in Debug\sysclock.o
_FLASH_ProgramWord                  ********   *** removed from Debug\stm8s_flash.o ***
_FLASH_ReadByte                     ********   *** removed from Debug\stm8s_flash.o ***
_FLASH_ReadOptionByte               ********   *** removed from Debug\stm8s_flash.o ***
_FLASH_SetLowPowerMode              ********   *** removed from Debug\stm8s_flash.o ***
_FLASH_SetProgrammingTime           ********   *** removed from Debug\stm8s_flash.o ***
_FLASH_Unlock                       00008369   defined in Debug\stm8s_flash.o section .text
                                               used in Debug\sysclock.o
_FLASH_WaitForLastOperation         000083d9   defined in Debug\stm8s_flash.o section .text
_GPIO_DeInit                        ********   *** removed from Debug\stm8s_gpio.o ***
_GPIO_ExternalPullUpConfig          ********   *** removed from Debug\stm8s_gpio.o ***
_GPIO_Init                          00008412   defined in Debug\stm8s_gpio.o section .text
                                               used in Debug\led.o
_GPIO_ReadInputData                 ********   *** removed from Debug\stm8s_gpio.o ***
_GPIO_ReadInputPin                  ********   *** removed from Debug\stm8s_gpio.o ***
_GPIO_ReadOutputData                ********   *** removed from Debug\stm8s_gpio.o ***
_GPIO_Write                         ********   *** removed from Debug\stm8s_gpio.o ***
_GPIO_WriteHigh                     00008467   defined in Debug\stm8s_gpio.o section .text
                                               used in Debug\led.o
_GPIO_WriteLow                      ********   *** removed from Debug\stm8s_gpio.o ***
_GPIO_WriteReverse                  0000846e   defined in Debug\stm8s_gpio.o section .text
                                               used in Debug\led.o
_HSIDivFactor                       00008080   defined in Debug\stm8s_clk.o section .const
_I2C_byte_received                  00008853   defined in Debug\i2c_slave_interrupt.o section .text
_I2C_byte_write                     00008878   defined in Debug\i2c_slave_interrupt.o section .text
_I2C_transaction_begin              0000884d   defined in Debug\i2c_slave_interrupt.o section .text
_I2C_transaction_end                00008852   defined in Debug\i2c_slave_interrupt.o section .text
_Init_I2C                           00008917   defined in Debug\i2c_slave_interrupt.o section .text
                                               used in Debug\main.o
_LED_Init                           00008948   defined in Debug\led.o section .text
                                               used in Debug\main.o
_LED_Operation                      ********   *** removed from Debug\led.o ***
_LED_Reverse                        0000897b   defined in Debug\led.o section .text
                                               used in Debug\main.o
_LED_ShowOneToOne                   ********   *** removed from Debug\led.o ***
_Last_I2c_Buffer                    00000000   defined in Debug\main.o section .bsct, initialized
_MessageBegin                       00000037   defined in Debug\i2c_slave_interrupt.o section .ubsct
_MultipleChannelGetADValue          ********   *** removed from Debug\adc.o ***
_OneChannelGetADValue               00008828   defined in Debug\adc.o section .text
                                               used in Debug\main.o
_Pwm_Init                           00008a2b   defined in Debug\pwm.o section .text
                                               used in Debug\main.o
_Send_ADC_Value                     ********   *** removed from Debug\adc.o ***
_SetLedOFF                          0000895f   defined in Debug\led.o section .text
                                               used in Debug\main.o
_Set_Pwm_Channel1                   00008a79   defined in Debug\pwm.o section .text
                                               used in Debug\main.o
_Set_Pwm_Channel2                   00008a90   defined in Debug\pwm.o section .text
                                               used in Debug\main.o
_Set_Pwm_Channel3                   00008aa7   defined in Debug\pwm.o section .text
                                               used in Debug\main.o
_Sys_1000ms_Flag                    00000027   defined in Debug\tim1.o section .bsct, initialized
                                               used in Debug\main.o
_Sys_100ms_Flag                     00000024   defined in Debug\tim1.o section .bsct, initialized
                                               used in Debug\main.o
_Sys_200ms_Flag                     00000025   defined in Debug\tim1.o section .bsct, initialized
                                               used in Debug\main.o
_Sys_20ms_Flag                      00000022   defined in Debug\tim1.o section .bsct, initialized
                                               used in Debug\main.o
_Sys_500ms_Flag                     00000026   defined in Debug\tim1.o section .bsct, initialized
                                               used in Debug\main.o
_Sys_50ms_Flag                      00000023   defined in Debug\tim1.o section .bsct, initialized
                                               used in Debug\main.o
_SystemClock_Init                   00008b37   defined in Debug\sysclock.o section .text
                                               used in Debug\main.o
_TIM1_ARRPreloadConfig              000084bc   defined in Debug\stm8s_tim1.o section .text
                                               used in Debug\tim1.o
_TIM1_BDTRConfig                    ********   *** removed from Debug\stm8s_tim1.o ***
_TIM1_CCPreloadControl              ********   *** removed from Debug\stm8s_tim1.o ***
_TIM1_CCxCmd                        ********   *** removed from Debug\stm8s_tim1.o ***
_TIM1_CCxNCmd                       ********   *** removed from Debug\stm8s_tim1.o ***
_TIM1_ClearFlag                     ********   *** removed from Debug\stm8s_tim1.o ***
_TIM1_ClearITPendingBit             000084d2   defined in Debug\stm8s_tim1.o section .text
                                               used in Debug\stm8s_it.o
_TIM1_Cmd                           00008499   defined in Debug\stm8s_tim1.o section .text
                                               used in Debug\tim1.o
_TIM1_CounterModeConfig             ********   *** removed from Debug\stm8s_tim1.o ***
_TIM1_CtrlPWMOutputs                ********   *** removed from Debug\stm8s_tim1.o ***
_TIM1_DeInit                        ********   *** removed from Debug\stm8s_tim1.o ***
_TIM1_ETRClockMode1Config           ********   *** removed from Debug\stm8s_tim1.o ***
_TIM1_ETRClockMode2Config           ********   *** removed from Debug\stm8s_tim1.o ***
_TIM1_ETRConfig                     ********   *** removed from Debug\stm8s_tim1.o ***
_TIM1_EncoderInterfaceConfig        ********   *** removed from Debug\stm8s_tim1.o ***
_TIM1_ForcedOC1Config               ********   *** removed from Debug\stm8s_tim1.o ***
_TIM1_ForcedOC2Config               ********   *** removed from Debug\stm8s_tim1.o ***
_TIM1_ForcedOC3Config               ********   *** removed from Debug\stm8s_tim1.o ***
_TIM1_ForcedOC4Config               ********   *** removed from Debug\stm8s_tim1.o ***
_TIM1_GenerateEvent                 ********   *** removed from Debug\stm8s_tim1.o ***
_TIM1_GetCapture1                   ********   *** removed from Debug\stm8s_tim1.o ***
_TIM1_GetCapture2                   ********   *** removed from Debug\stm8s_tim1.o ***
_TIM1_GetCapture3                   ********   *** removed from Debug\stm8s_tim1.o ***
_TIM1_GetCapture4                   ********   *** removed from Debug\stm8s_tim1.o ***
_TIM1_GetCounter                    ********   *** removed from Debug\stm8s_tim1.o ***
_TIM1_GetFlagStatus                 ********   *** removed from Debug\stm8s_tim1.o ***
_TIM1_GetITStatus                   ********   *** removed from Debug\stm8s_tim1.o ***
_TIM1_GetPrescaler                  ********   *** removed from Debug\stm8s_tim1.o ***
_TIM1_ICInit                        ********   *** removed from Debug\stm8s_tim1.o ***
_TIM1_ITConfig                      000084a6   defined in Debug\stm8s_tim1.o section .text
                                               used in Debug\tim1.o
_TIM1_InternalClockConfig           ********   *** removed from Debug\stm8s_tim1.o ***
_TIM1_OC1FastConfig                 ********   *** removed from Debug\stm8s_tim1.o ***
_TIM1_OC1Init                       ********   *** removed from Debug\stm8s_tim1.o ***
_TIM1_OC1NPolarityConfig            ********   *** removed from Debug\stm8s_tim1.o ***
_TIM1_OC1PolarityConfig             ********   *** removed from Debug\stm8s_tim1.o ***
_TIM1_OC1PreloadConfig              ********   *** removed from Debug\stm8s_tim1.o ***
_TIM1_OC2FastConfig                 ********   *** removed from Debug\stm8s_tim1.o ***
_TIM1_OC2Init                       ********   *** removed from Debug\stm8s_tim1.o ***
_TIM1_OC2NPolarityConfig            ********   *** removed from Debug\stm8s_tim1.o ***
_TIM1_OC2PolarityConfig             ********   *** removed from Debug\stm8s_tim1.o ***
_TIM1_OC2PreloadConfig              ********   *** removed from Debug\stm8s_tim1.o ***
_TIM1_OC3FastConfig                 ********   *** removed from Debug\stm8s_tim1.o ***
_TIM1_OC3Init                       ********   *** removed from Debug\stm8s_tim1.o ***
_TIM1_OC3NPolarityConfig            ********   *** removed from Debug\stm8s_tim1.o ***
_TIM1_OC3PolarityConfig             ********   *** removed from Debug\stm8s_tim1.o ***
_TIM1_OC3PreloadConfig              ********   *** removed from Debug\stm8s_tim1.o ***
_TIM1_OC4FastConfig                 ********   *** removed from Debug\stm8s_tim1.o ***
_TIM1_OC4Init                       ********   *** removed from Debug\stm8s_tim1.o ***
_TIM1_OC4PolarityConfig             ********   *** removed from Debug\stm8s_tim1.o ***
_TIM1_OC4PreloadConfig              ********   *** removed from Debug\stm8s_tim1.o ***
_TIM1_PWMIConfig                    ********   *** removed from Debug\stm8s_tim1.o ***
_TIM1_PrescalerConfig               ********   *** removed from Debug\stm8s_tim1.o ***
_TIM1_SelectCOM                     ********   *** removed from Debug\stm8s_tim1.o ***
_TIM1_SelectHallSensor              ********   *** removed from Debug\stm8s_tim1.o ***
_TIM1_SelectInputTrigger            ********   *** removed from Debug\stm8s_tim1.o ***
_TIM1_SelectMasterSlaveMode         ********   *** removed from Debug\stm8s_tim1.o ***
_TIM1_SelectOCxM                    ********   *** removed from Debug\stm8s_tim1.o ***
_TIM1_SelectOnePulseMode            ********   *** removed from Debug\stm8s_tim1.o ***
_TIM1_SelectOutputTrigger           ********   *** removed from Debug\stm8s_tim1.o ***
_TIM1_SelectSlaveMode               ********   *** removed from Debug\stm8s_tim1.o ***
_TIM1_SetAutoreload                 ********   *** removed from Debug\stm8s_tim1.o ***
_TIM1_SetCompare1                   ********   *** removed from Debug\stm8s_tim1.o ***
_TIM1_SetCompare2                   ********   *** removed from Debug\stm8s_tim1.o ***
_TIM1_SetCompare3                   ********   *** removed from Debug\stm8s_tim1.o ***
_TIM1_SetCompare4                   ********   *** removed from Debug\stm8s_tim1.o ***
_TIM1_SetCounter                    000084c9   defined in Debug\stm8s_tim1.o section .text
                                               used in Debug\tim1.o
_TIM1_SetIC1Prescaler               ********   *** removed from Debug\stm8s_tim1.o ***
_TIM1_SetIC2Prescaler               ********   *** removed from Debug\stm8s_tim1.o ***
_TIM1_SetIC3Prescaler               ********   *** removed from Debug\stm8s_tim1.o ***
_TIM1_SetIC4Prescaler               ********   *** removed from Debug\stm8s_tim1.o ***
_TIM1_TIxExternalClockConfig        ********   *** removed from Debug\stm8s_tim1.o ***
_TIM1_TimeBaseInit                  00008475   defined in Debug\stm8s_tim1.o section .text
                                               used in Debug\tim1.o
_TIM1_UpdateDisableConfig           ********   *** removed from Debug\stm8s_tim1.o ***
_TIM1_UpdateRequestConfig           ********   *** removed from Debug\stm8s_tim1.o ***
_TIM2_ARRPreloadConfig              000085e3   defined in Debug\stm8s_tim2.o section .text
                                               used in Debug\pwm.o
_TIM2_CCxCmd                        ********   *** removed from Debug\stm8s_tim2.o ***
_TIM2_ClearFlag                     ********   *** removed from Debug\stm8s_tim2.o ***
_TIM2_ClearITPendingBit             ********   *** removed from Debug\stm8s_tim2.o ***
_TIM2_Cmd                           000085d6   defined in Debug\stm8s_tim2.o section .text
                                               used in Debug\pwm.o
_TIM2_DeInit                        000084d7   defined in Debug\stm8s_tim2.o section .text
                                               used in Debug\pwm.o
_TIM2_ForcedOC1Config               ********   *** removed from Debug\stm8s_tim2.o ***
_TIM2_ForcedOC2Config               ********   *** removed from Debug\stm8s_tim2.o ***
_TIM2_ForcedOC3Config               ********   *** removed from Debug\stm8s_tim2.o ***
_TIM2_GenerateEvent                 ********   *** removed from Debug\stm8s_tim2.o ***
_TIM2_GetCapture1                   ********   *** removed from Debug\stm8s_tim2.o ***
_TIM2_GetCapture2                   ********   *** removed from Debug\stm8s_tim2.o ***
_TIM2_GetCapture3                   ********   *** removed from Debug\stm8s_tim2.o ***
_TIM2_GetCounter                    ********   *** removed from Debug\stm8s_tim2.o ***
_TIM2_GetFlagStatus                 ********   *** removed from Debug\stm8s_tim2.o ***
_TIM2_GetITStatus                   ********   *** removed from Debug\stm8s_tim2.o ***
_TIM2_GetPrescaler                  ********   *** removed from Debug\stm8s_tim2.o ***
_TIM2_ICInit                        ********   *** removed from Debug\stm8s_tim2.o ***
_TIM2_ITConfig                      ********   *** removed from Debug\stm8s_tim2.o ***
_TIM2_OC1Init                       00008540   defined in Debug\stm8s_tim2.o section .text
                                               used in Debug\pwm.o
_TIM2_OC1PolarityConfig             ********   *** removed from Debug\stm8s_tim2.o ***
_TIM2_OC1PreloadConfig              000085f0   defined in Debug\stm8s_tim2.o section .text
                                               used in Debug\pwm.o
_TIM2_OC2Init                       00008572   defined in Debug\stm8s_tim2.o section .text
                                               used in Debug\pwm.o
_TIM2_OC2PolarityConfig             ********   *** removed from Debug\stm8s_tim2.o ***
_TIM2_OC2PreloadConfig              000085fd   defined in Debug\stm8s_tim2.o section .text
                                               used in Debug\pwm.o
_TIM2_OC3Init                       000085a4   defined in Debug\stm8s_tim2.o section .text
                                               used in Debug\pwm.o
_TIM2_OC3PolarityConfig             ********   *** removed from Debug\stm8s_tim2.o ***
_TIM2_OC3PreloadConfig              0000860a   defined in Debug\stm8s_tim2.o section .text
                                               used in Debug\pwm.o
_TIM2_PWMIConfig                    ********   *** removed from Debug\stm8s_tim2.o ***
_TIM2_PrescalerConfig               ********   *** removed from Debug\stm8s_tim2.o ***
_TIM2_SelectOCxM                    ********   *** removed from Debug\stm8s_tim2.o ***
_TIM2_SelectOnePulseMode            ********   *** removed from Debug\stm8s_tim2.o ***
_TIM2_SetAutoreload                 ********   *** removed from Debug\stm8s_tim2.o ***
_TIM2_SetCompare1                   ********   *** removed from Debug\stm8s_tim2.o ***
_TIM2_SetCompare2                   ********   *** removed from Debug\stm8s_tim2.o ***
_TIM2_SetCompare3                   ********   *** removed from Debug\stm8s_tim2.o ***
_TIM2_SetCounter                    ********   *** removed from Debug\stm8s_tim2.o ***
_TIM2_SetIC1Prescaler               ********   *** removed from Debug\stm8s_tim2.o ***
_TIM2_SetIC2Prescaler               ********   *** removed from Debug\stm8s_tim2.o ***
_TIM2_SetIC3Prescaler               ********   *** removed from Debug\stm8s_tim2.o ***
_TIM2_TimeBaseInit                  00008530   defined in Debug\stm8s_tim2.o section .text
                                               used in Debug\pwm.o
_TIM2_UpdateDisableConfig           ********   *** removed from Debug\stm8s_tim2.o ***
_TIM2_UpdateRequestConfig           ********   *** removed from Debug\stm8s_tim2.o ***
_Tim1_Init                          00008b5b   defined in Debug\tim1.o section .text
                                               used in Debug\main.o
_TimingDelay                        0000005a   defined in Debug\tim1.o section .ubsct
_TimingDelay_Decrement              00008b81   defined in Debug\tim1.o section .text
                                               used in Debug\stm8s_it.o
_UART1_ClearFlag                    ********   *** removed from Debug\stm8s_uart1.o ***
_UART1_ClearITPendingBit            ********   *** removed from Debug\stm8s_uart1.o ***
_UART1_Cmd                          00008769   defined in Debug\stm8s_uart1.o section .text
                                               used in Debug\uart1.o
_UART1_DeInit                       00008617   defined in Debug\stm8s_uart1.o section .text
                                               used in Debug\uart1.o
_UART1_GetFlagStatus                000087de   defined in Debug\stm8s_uart1.o section .text
                                               used in Debug\uart1.o
_UART1_GetITStatus                  ********   *** removed from Debug\stm8s_uart1.o ***
_UART1_HalfDuplexCmd                ********   *** removed from Debug\stm8s_uart1.o ***
_UART1_ITConfig                     00008776   defined in Debug\stm8s_uart1.o section .text
                                               used in Debug\uart1.o
_UART1_Init                         00008642   defined in Debug\stm8s_uart1.o section .text
                                               used in Debug\uart1.o
_UART1_IrDACmd                      ********   *** removed from Debug\stm8s_uart1.o ***
_UART1_IrDAConfig                   ********   *** removed from Debug\stm8s_uart1.o ***
_UART1_LINBreakDetectionConfig      ********   *** removed from Debug\stm8s_uart1.o ***
_UART1_LINCmd                       ********   *** removed from Debug\stm8s_uart1.o ***
_UART1_ReceiveData8                 ********   *** removed from Debug\stm8s_uart1.o ***
_UART1_ReceiveData9                 ********   *** removed from Debug\stm8s_uart1.o ***
_UART1_ReceiverWakeUpCmd            ********   *** removed from Debug\stm8s_uart1.o ***
_UART1_SendBreak                    ********   *** removed from Debug\stm8s_uart1.o ***
_UART1_SendByte                     00008c21   defined in Debug\uart1.o section .text
                                               used in Debug\main.o
_UART1_SendData8                    000087da   defined in Debug\stm8s_uart1.o section .text
                                               used in Debug\uart1.o
_UART1_SendData9                    ********   *** removed from Debug\stm8s_uart1.o ***
_UART1_SendString                   00008c2e   defined in Debug\uart1.o section .text
                                               used in Debug\main.o
_UART1_SetAddress                   ********   *** removed from Debug\stm8s_uart1.o ***
_UART1_SetGuardTime                 ********   *** removed from Debug\stm8s_uart1.o ***
_UART1_SetPrescaler                 ********   *** removed from Debug\stm8s_uart1.o ***
_UART1_SmartCardCmd                 ********   *** removed from Debug\stm8s_uart1.o ***
_UART1_SmartCardNACKCmd             ********   *** removed from Debug\stm8s_uart1.o ***
_UART1_WakeUpConfig                 ********   *** removed from Debug\stm8s_uart1.o ***
_Uart1_Init                         00008bf9   defined in Debug\uart1.o section .text
                                               used in Debug\main.o
__endmem                            000001ff   defined in command file
                                               *** not used ***
__endzp                             00000066   defined in command file section .ubsct
                                               used in C:\Program Files (x86)\COSMIC\CXSTM8_32K\Lib\crtsi0.sm8
__idesc__                           000080a4   defined in linker section .init
                                               used in C:\Program Files (x86)\COSMIC\CXSTM8_32K\Lib\crtsi0.sm8
__memory                            00000100   defined in command file section .bss
                                               used in C:\Program Files (x86)\COSMIC\CXSTM8_32K\Lib\crtsi0.sm8
__stack                             000003ff   defined in command file
                                               used in C:\Program Files (x86)\COSMIC\CXSTM8_32K\Lib\crtsi0.sm8
__startmem                          00000100   defined in command file section .bss
                                               *** not used ***
__stext                             000080e0   defined in C:\Program Files (x86)\COSMIC\CXSTM8_32K\Lib\crtsi0.sm8 section .text
                                               used in Debug\stm8_interrupt_vector.o
__vectab                            00008000   defined in Debug\stm8_interrupt_vector.o section .const
_delay_ms                           ********   *** removed from Debug\tim1.o ***
_exit                               00008129   defined in C:\Program Files (x86)\COSMIC\CXSTM8_32K\Lib\crtsi0.sm8 section .text
_main                               000089a3   defined in Debug\main.o section .text
                                               used in C:\Program Files (x86)\COSMIC\CXSTM8_32K\Lib\crtsi0.sm8
_strlen                             00008c4d   defined in (C:\Program Files (x86)\COSMIC\CXSTM8_32K\Lib\libis0.sm8)strlen0.o section .text
                                               used in Debug\uart1.o
_u8_MyBuffp                         00000038   defined in Debug\i2c_slave_interrupt.o section .ubsct
_u8_My_Buffer                       0000003a   defined in Debug\i2c_slave_interrupt.o section .ubsct
c_cmulx                             ********   *** removed from (C:\Program Files (x86)\COSMIC\CXSTM8_32K\Lib\libm0.sm8)cmulx.o ***
c_divsl                             00008cbc   defined in (C:\Program Files (x86)\COSMIC\CXSTM8_32K\Lib\libm0.sm8)ldiv.o section .text
                                               *** not used ***
c_divul                             00008cd3   defined in (C:\Program Files (x86)\COSMIC\CXSTM8_32K\Lib\libm0.sm8)ldiv.o section .text
                                               used in (C:\Program Files (x86)\COSMIC\CXSTM8_32K\Lib\libm0.sm8)ludiv.o
c_ladd                              ********   *** removed from (C:\Program Files (x86)\COSMIC\CXSTM8_32K\Lib\libm0.sm8)ladd.o ***
c_lgadd                             ********   *** removed from (C:\Program Files (x86)\COSMIC\CXSTM8_32K\Lib\libm0.sm8)lgadd.o ***
c_lgneg                             00008da7   defined in (C:\Program Files (x86)\COSMIC\CXSTM8_32K\Lib\libm0.sm8)lgneg.o section .text
                                               used in (C:\Program Files (x86)\COSMIC\CXSTM8_32K\Lib\libm0.sm8)ldiv.o
c_lgsbc                             00008c59   defined in (C:\Program Files (x86)\COSMIC\CXSTM8_32K\Lib\libm0.sm8)lgsbc.o section .text
                                               used in Debug\stm8s_flash.o
                                                       Debug\led.o
c_llsh                              00008c6f   defined in (C:\Program Files (x86)\COSMIC\CXSTM8_32K\Lib\libm0.sm8)llsh.o section .text
                                               used in Debug\stm8s_uart1.o
c_lneg                              00008dba   defined in (C:\Program Files (x86)\COSMIC\CXSTM8_32K\Lib\libm0.sm8)lneg.o section .text
                                               used in (C:\Program Files (x86)\COSMIC\CXSTM8_32K\Lib\libm0.sm8)ldiv.o
c_lreg                              0000005c   defined in (C:\Program Files (x86)\COSMIC\CXSTM8_32K\Lib\libm0.sm8)lreg.o section .ubsct
                                               used in Debug\stm8s_clk.o
                                                       Debug\stm8s_flash.o
                                                       Debug\stm8s_uart1.o
                                                       (C:\Program Files (x86)\COSMIC\CXSTM8_32K\Lib\libm0.sm8)cmulx.o
                                                       (C:\Program Files (x86)\COSMIC\CXSTM8_32K\Lib\libm0.sm8)ladd.o
                                                       (C:\Program Files (x86)\COSMIC\CXSTM8_32K\Lib\libm0.sm8)lgadd.o
                                                       (C:\Program Files (x86)\COSMIC\CXSTM8_32K\Lib\libm0.sm8)llsh.o
                                                       (C:\Program Files (x86)\COSMIC\CXSTM8_32K\Lib\libm0.sm8)lsub.o
                                                       (C:\Program Files (x86)\COSMIC\CXSTM8_32K\Lib\libm0.sm8)ltor.o
                                                       (C:\Program Files (x86)\COSMIC\CXSTM8_32K\Lib\libm0.sm8)ldiv.o
                                                       (C:\Program Files (x86)\COSMIC\CXSTM8_32K\Lib\libm0.sm8)lneg.o
                                                       (C:\Program Files (x86)\COSMIC\CXSTM8_32K\Lib\libm0.sm8)lursh.o
                                                       (C:\Program Files (x86)\COSMIC\CXSTM8_32K\Lib\libm0.sm8)rtol.o
                                                       (C:\Program Files (x86)\COSMIC\CXSTM8_32K\Lib\libm0.sm8)smul.o
                                                       (C:\Program Files (x86)\COSMIC\CXSTM8_32K\Lib\libm0.sm8)umul.o
c_lsub                              00008c7e   defined in (C:\Program Files (x86)\COSMIC\CXSTM8_32K\Lib\libm0.sm8)lsub.o section .text
                                               used in Debug\stm8s_uart1.o
c_ltor                              00008c96   defined in (C:\Program Files (x86)\COSMIC\CXSTM8_32K\Lib\libm0.sm8)ltor.o section .text
                                               used in Debug\stm8s_clk.o
                                                       Debug\stm8s_flash.o
                                                       Debug\stm8s_uart1.o
c_ludv                              00008ca8   defined in (C:\Program Files (x86)\COSMIC\CXSTM8_32K\Lib\libm0.sm8)ludiv.o section .text
                                               used in Debug\stm8s_clk.o
                                                       Debug\stm8s_uart1.o
c_lursh                             00008dcf   defined in (C:\Program Files (x86)\COSMIC\CXSTM8_32K\Lib\libm0.sm8)lursh.o section .text
                                               used in Debug\stm8s_uart1.o
c_lzmp                              00008dde   defined in (C:\Program Files (x86)\COSMIC\CXSTM8_32K\Lib\libm0.sm8)lzmp.o section .text
                                               used in Debug\stm8s_flash.o
                                                       Debug\led.o
c_rtol                              00008df0   defined in (C:\Program Files (x86)\COSMIC\CXSTM8_32K\Lib\libm0.sm8)rtol.o section .text
                                               used in Debug\stm8s_clk.o
                                                       Debug\stm8s_flash.o
                                                       Debug\stm8s_uart1.o
c_smul                              00008e02   defined in (C:\Program Files (x86)\COSMIC\CXSTM8_32K\Lib\libm0.sm8)smul.o section .text
                                               used in Debug\stm8s_uart1.o
c_umul                              ********   *** removed from (C:\Program Files (x86)\COSMIC\CXSTM8_32K\Lib\libm0.sm8)umul.o ***
c_x                                 00000060   defined in (C:\Program Files (x86)\COSMIC\CXSTM8_32K\Lib\libm0.sm8)xreg.o section .ubsct
                                               used in C:\Program Files (x86)\COSMIC\CXSTM8_32K\Lib\crtsi0.sm8
                                                       Debug\i2c_slave_interrupt.o
                                                       Debug\stm8s_it.o
                                                       (C:\Program Files (x86)\COSMIC\CXSTM8_32K\Lib\libis0.sm8)strlen0.o
                                                       (C:\Program Files (x86)\COSMIC\CXSTM8_32K\Lib\libm0.sm8)ldiv.o
                                                       (C:\Program Files (x86)\COSMIC\CXSTM8_32K\Lib\libm0.sm8)umul.o
c_y                                 00000063   defined in (C:\Program Files (x86)\COSMIC\CXSTM8_32K\Lib\libm0.sm8)yreg.o section .ubsct
                                               used in C:\Program Files (x86)\COSMIC\CXSTM8_32K\Lib\crtsi0.sm8
                                                       Debug\i2c_slave_interrupt.o
                                                       Debug\stm8s_it.o
                                                       (C:\Program Files (x86)\COSMIC\CXSTM8_32K\Lib\libm0.sm8)umul.o
f_ADC1_IRQHandler                   00008aef   defined in Debug\stm8s_it.o section .text
                                               used in Debug\stm8_interrupt_vector.o
f_AWU_IRQHandler                    00008ac1   defined in Debug\stm8s_it.o section .text
                                               used in Debug\stm8_interrupt_vector.o
f_CLK_IRQHandler                    00008ac2   defined in Debug\stm8s_it.o section .text
                                               used in Debug\stm8_interrupt_vector.o
f_EEPROM_EEC_IRQHandler             00008af1   defined in Debug\stm8s_it.o section .text
                                               used in Debug\stm8_interrupt_vector.o
f_EXTI_PORTA_IRQHandler             00008ac3   defined in Debug\stm8s_it.o section .text
                                               used in Debug\stm8_interrupt_vector.o
f_EXTI_PORTB_IRQHandler             00008ac4   defined in Debug\stm8s_it.o section .text
                                               used in Debug\stm8_interrupt_vector.o
f_EXTI_PORTC_IRQHandler             00008ac5   defined in Debug\stm8s_it.o section .text
                                               used in Debug\stm8_interrupt_vector.o
f_EXTI_PORTD_IRQHandler             00008ac6   defined in Debug\stm8s_it.o section .text
                                               used in Debug\stm8_interrupt_vector.o
f_EXTI_PORTE_IRQHandler             00008ac7   defined in Debug\stm8s_it.o section .text
                                               used in Debug\stm8_interrupt_vector.o
f_I2C_IRQHandler                    ********   *** removed from Debug\stm8s_it.o ***
f_I2C_Slave_check_event             00008887   defined in Debug\i2c_slave_interrupt.o section .text
                                               used in Debug\stm8_interrupt_vector.o
f_NonHandledInterrupt               00008abe   defined in Debug\stm8s_it.o section .text
                                               used in Debug\stm8_interrupt_vector.o
f_SPI_IRQHandler                    00008ac8   defined in Debug\stm8s_it.o section .text
                                               used in Debug\stm8_interrupt_vector.o
f_TIM1_CAP_COM_IRQHandler           00008aea   defined in Debug\stm8s_it.o section .text
                                               used in Debug\stm8_interrupt_vector.o
f_TIM1_UPD_OVF_TRG_BRK_IRQHandler   00008ac9   defined in Debug\stm8s_it.o section .text
                                               used in Debug\stm8_interrupt_vector.o
f_TIM2_CAP_COM_IRQHandler           00008aec   defined in Debug\stm8s_it.o section .text
                                               used in Debug\stm8_interrupt_vector.o
f_TIM2_UPD_OVF_BRK_IRQHandler       00008aeb   defined in Debug\stm8s_it.o section .text
                                               used in Debug\stm8_interrupt_vector.o
f_TIM4_UPD_OVF_IRQHandler           00008af0   defined in Debug\stm8s_it.o section .text
                                               used in Debug\stm8_interrupt_vector.o
f_TLI_IRQHandler                    00008ac0   defined in Debug\stm8s_it.o section .text
                                               used in Debug\stm8_interrupt_vector.o
f_TRAP_IRQHandler                   00008abf   defined in Debug\stm8s_it.o section .text
                                               used in Debug\stm8_interrupt_vector.o
f_UART1_RX_IRQHandler               00008aee   defined in Debug\stm8s_it.o section .text
                                               used in Debug\stm8_interrupt_vector.o
f_UART1_TX_IRQHandler               00008aed   defined in Debug\stm8s_it.o section .text
                                               used in Debug\stm8_interrupt_vector.o
