
Map of Debug\pwm.sm8 from link file Debug\pwm.lkf - Fri Sep 30 10:34:17 2016


                               --------
                               Segments
                               --------

start 00008080 end 00008080 length     0 segment .const
start 00008083 end 000085d3 length  1360 segment .text
start 00004000 end 00004000 length     0 segment .eeprom
start 00000000 end 00000000 length     0 segment .bsct
start 00000000 end 00000006 length     6 segment .ubsct
start 00000006 end 00000006 length     0 segment .bit
start 00000006 end 00000006 length     0 segment .share
start 00000100 end 00000100 length     0 segment .data
start 00000100 end 00000100 length     0 segment .bss
start 00000000 end 0000035e length   862 segment .info.
start 00000000 end 00003522 length 13602 segment .debug
start 00008000 end 00008080 length   128 segment .const
start 00008080 end 00008083 length     3 segment .init


                               -------
                               Modules
                               -------

C:\Program Files (x86)\COSMIC\CXSTM8_32K\Lib\crtsi0.sm8:
start 00008083 end 000080ce length    75 section .text
start 00000100 end 00000100 length     0 section .bss
start 00000000 end 00000000 length     0 section .ubsct
start 00000000 end 0000002f length    47 section .info.

Debug\stm8s_gpio.o:
start ******** end ******** length     0 section .text *** removed ***
start 00000000 end 00000a0a length  2570 section .debug
start 0000002f end 000000b5 length   134 section .info.

Debug\stm8s_tim2.o:
start 000080ce end 00008569 length  1179 section .text
start 00000a0a end 00002d1e length  8980 section .debug
start 000000b5 end 0000013b length   134 section .info.

Debug\main.o:
start 00008569 end 000085be length    85 section .text
start 00002d1e end 00002dcc length   174 section .debug
start 0000013b end 000001bb length   128 section .info.

Debug\stm8s_it.o:
start 000085be end 000085d3 length    21 section .text
start 00002dcc end 000033fc length  1584 section .debug
start 000001bb end 0000023f length   132 section .info.

(C:\Program Files (x86)\COSMIC\CXSTM8_32K\Lib\libm0.sm8)xreg.o:
start 00000000 end 00000003 length     3 section .ubsct
start 0000023f end 0000026d length    46 section .info.

(C:\Program Files (x86)\COSMIC\CXSTM8_32K\Lib\libm0.sm8)yreg.o:
start 00000003 end 00000006 length     3 section .ubsct
start 0000026d end 0000029b length    46 section .info.

Debug\stm8_interrupt_vector.o:
start 000033fc end 00003522 length   294 section .debug
start 0000029b end 0000032c length   145 section .info.
start 00008000 end 00008080 length   128 section .const


                             -----------
                             Stack usage
                             -----------

Debug\main.o:
_main                              >   10   (2)

Debug\stm8s_it.o:
f_ADC1_IRQHandler                  >    5   (5)
f_AWU_IRQHandler                   >    5   (5)
f_CLK_IRQHandler                   >    5   (5)
f_EEPROM_EEC_IRQHandler            >    5   (5)
f_EXTI_PORTA_IRQHandler            >    5   (5)
f_EXTI_PORTB_IRQHandler            >    5   (5)
f_EXTI_PORTC_IRQHandler            >    5   (5)
f_EXTI_PORTD_IRQHandler            >    5   (5)
f_EXTI_PORTE_IRQHandler            >    5   (5)
f_I2C_IRQHandler                   >    5   (5)
f_NonHandledInterrupt              >    5   (5)
f_SPI_IRQHandler                   >    5   (5)
f_TIM1_CAP_COM_IRQHandler          >    5   (5)
f_TIM1_UPD_OVF_TRG_BRK_IRQHandler  >    5   (5)
f_TIM2_CAP_COM_IRQHandler          >    5   (5)
f_TIM2_UPD_OVF_BRK_IRQHandler      >    5   (5)
f_TIM4_UPD_OVF_IRQHandler          >    5   (5)
f_TLI_IRQHandler                   >    5   (5)
f_TRAP_IRQHandler                  >    5   (5)
f_UART1_RX_IRQHandler              >    5   (5)
f_UART1_TX_IRQHandler              >    5   (5)

Debug\stm8s_tim2.o:
L3_TI1_Config                           6   (6)
L5_TI2_Config                           6   (6)
L7_TI3_Config                           6   (6)
_TIM2_ARRPreloadConfig                  2   (2)
_TIM2_CCxCmd                       >    4   (4)
_TIM2_ClearFlag                    >    2   (2)
_TIM2_ClearITPendingBit            >    2   (2)
_TIM2_Cmd                               2   (2)
_TIM2_DeInit                            2   (2)
_TIM2_ForcedOC1Config              >    3   (3)
_TIM2_ForcedOC2Config              >    3   (3)
_TIM2_ForcedOC3Config              >    3   (3)
_TIM2_GenerateEvent                >    2   (2)
_TIM2_GetCapture1                  >    6   (6)
_TIM2_GetCapture2                  >    6   (6)
_TIM2_GetCapture3                  >    6   (6)
_TIM2_GetCounter                   >    4   (4)
_TIM2_GetFlagStatus                >    6   (6)
_TIM2_GetITStatus                  >    5   (5)
_TIM2_GetPrescaler                 >    2   (2)
_TIM2_ICInit                       >   13   (7)
_TIM2_ITConfig                     >    4   (4)
_TIM2_OC1Init                           8   (8)
_TIM2_OC1PolarityConfig            >    2   (2)
_TIM2_OC1PreloadConfig                  2   (2)
_TIM2_OC2Init                           8   (8)
_TIM2_OC2PolarityConfig            >    2   (2)
_TIM2_OC2PreloadConfig                  2   (2)
_TIM2_OC3Init                           8   (8)
_TIM2_OC3PolarityConfig            >    2   (2)
_TIM2_OC3PreloadConfig                  2   (2)
_TIM2_PWMIConfig                   >   15   (9)
_TIM2_PrescalerConfig              >    2   (2)
_TIM2_SelectOCxM                   >    4   (4)
_TIM2_SelectOnePulseMode           >    2   (2)
_TIM2_SetAutoreload                >    2   (2)
_TIM2_SetCompare1                  >    2   (2)
_TIM2_SetCompare2                  >    2   (2)
_TIM2_SetCompare3                  >    2   (2)
_TIM2_SetCounter                   >    2   (2)
_TIM2_SetIC1Prescaler                   3   (3)
_TIM2_SetIC2Prescaler                   3   (3)
_TIM2_SetIC3Prescaler                   3   (3)
_TIM2_TimeBaseInit                      5   (5)
_TIM2_UpdateDisableConfig          >    2   (2)
_TIM2_UpdateRequestConfig          >    2   (2)

Stack size: 20


                              ---------
                              Call tree
                              ---------
   1 > _TIM2_CCxCmd: (4)

   2 > _TIM2_ClearFlag: (2)

   3 > _TIM2_ClearITPendingBit: (2)

   4 > _TIM2_ForcedOC1Config: (3)

   5 > _TIM2_ForcedOC2Config: (3)

   6 > _TIM2_ForcedOC3Config: (3)

   7 > _TIM2_GenerateEvent: (2)

   8 > _TIM2_GetCapture1: (6)

   9 > _TIM2_GetCapture2: (6)

  10 > _TIM2_GetCapture3: (6)

  11 > _TIM2_GetCounter: (4)

  12 > _TIM2_GetFlagStatus: (6)

  13 > _TIM2_GetITStatus: (5)

  14 > _TIM2_GetPrescaler: (2)

  15 > _TIM2_ICInit: (7)
  16      + L3_TI1_Config: (6)
  17      + L5_TI2_Config: (6)
  18      + L7_TI3_Config: (6)
  19      + _TIM2_SetIC1Prescaler: (3)
  20      + _TIM2_SetIC2Prescaler: (3)
  21      + _TIM2_SetIC3Prescaler: (3)
       
  22 > _TIM2_ITConfig: (4)

  23 > _TIM2_OC1PolarityConfig: (2)

  24 > _TIM2_OC2PolarityConfig: (2)

  25 > _TIM2_OC3PolarityConfig: (2)

  26 > _TIM2_PWMIConfig: (9)
  27      + L3_TI1_Config --> 16
  28      + L5_TI2_Config --> 17
  29      + _TIM2_SetIC1Prescaler --> 19
  30      + _TIM2_SetIC2Prescaler --> 20
       
  31 > _TIM2_PrescalerConfig: (2)

  32 > _TIM2_SelectOCxM: (4)

  33 > _TIM2_SelectOnePulseMode: (2)

  34 > _TIM2_SetAutoreload: (2)

  35 > _TIM2_SetCompare1: (2)

  36 > _TIM2_SetCompare2: (2)

  37 > _TIM2_SetCompare3: (2)

  38 > _TIM2_SetCounter: (2)

  39 > _TIM2_UpdateDisableConfig: (2)

  40 > _TIM2_UpdateRequestConfig: (2)

  41 > __stext: (0)

  42 > _main: (2)
  43      + _TIM2_ARRPreloadConfig: (2)
  44      + _TIM2_Cmd: (2)
  45      + _TIM2_DeInit: (2)
  46      + _TIM2_OC1Init: (8)
  47      + _TIM2_OC1PreloadConfig: (2)
  48      + _TIM2_OC2Init: (8)
  49      + _TIM2_OC2PreloadConfig: (2)
  50      + _TIM2_OC3Init: (8)
  51      + _TIM2_OC3PreloadConfig: (2)
  52      + _TIM2_TimeBaseInit: (5)
       
  53 > f_ADC1_IRQHandler: (5)

  54 > f_AWU_IRQHandler: (5)

  55 > f_CLK_IRQHandler: (5)

  56 > f_EEPROM_EEC_IRQHandler: (5)

  57 > f_EXTI_PORTA_IRQHandler: (5)

  58 > f_EXTI_PORTB_IRQHandler: (5)

  59 > f_EXTI_PORTC_IRQHandler: (5)

  60 > f_EXTI_PORTD_IRQHandler: (5)

  61 > f_EXTI_PORTE_IRQHandler: (5)

  62 > f_I2C_IRQHandler: (5)

  63 > f_NonHandledInterrupt: (5)

  64 > f_SPI_IRQHandler: (5)

  65 > f_TIM1_CAP_COM_IRQHandler: (5)

  66 > f_TIM1_UPD_OVF_TRG_BRK_IRQHandler: (5)

  67 > f_TIM2_CAP_COM_IRQHandler: (5)

  68 > f_TIM2_UPD_OVF_BRK_IRQHandler: (5)

  69 > f_TIM4_UPD_OVF_IRQHandler: (5)

  70 > f_TLI_IRQHandler: (5)

  71 > f_TRAP_IRQHandler: (5)

  72 > f_UART1_RX_IRQHandler: (5)

  73 > f_UART1_TX_IRQHandler: (5)

  74   L3_TI1_Config --> 16

  75   L5_TI2_Config --> 17

  76   L7_TI3_Config --> 18

  77   _TIM2_ARRPreloadConfig --> 43

  78   _TIM2_Cmd --> 44

  79   _TIM2_DeInit --> 45

  80   _TIM2_OC1Init --> 46

  81   _TIM2_OC1PreloadConfig --> 47

  82   _TIM2_OC2Init --> 48

  83   _TIM2_OC2PreloadConfig --> 49

  84   _TIM2_OC3Init --> 50

  85   _TIM2_OC3PreloadConfig --> 51

  86   _TIM2_SetIC1Prescaler --> 19

  87   _TIM2_SetIC2Prescaler --> 20

  88   _TIM2_SetIC3Prescaler --> 21

  89   _TIM2_TimeBaseInit --> 52



                               -------
                               Symbols
                               -------

_GPIO_DeInit                        ********   *** removed from Debug\stm8s_gpio.o ***
_GPIO_ExternalPullUpConfig          ********   *** removed from Debug\stm8s_gpio.o ***
_GPIO_Init                          ********   *** removed from Debug\stm8s_gpio.o ***
_GPIO_ReadInputData                 ********   *** removed from Debug\stm8s_gpio.o ***
_GPIO_ReadInputPin                  ********   *** removed from Debug\stm8s_gpio.o ***
_GPIO_ReadOutputData                ********   *** removed from Debug\stm8s_gpio.o ***
_GPIO_Write                         ********   *** removed from Debug\stm8s_gpio.o ***
_GPIO_WriteHigh                     ********   *** removed from Debug\stm8s_gpio.o ***
_GPIO_WriteLow                      ********   *** removed from Debug\stm8s_gpio.o ***
_GPIO_WriteReverse                  ********   *** removed from Debug\stm8s_gpio.o ***
_TIM2_ARRPreloadConfig              000082fa   defined in Debug\stm8s_tim2.o section .text
                                               used in Debug\main.o
_TIM2_CCxCmd                        00008359   defined in Debug\stm8s_tim2.o section .text
_TIM2_ClearFlag                     000084ac   defined in Debug\stm8s_tim2.o section .text
_TIM2_ClearITPendingBit             000084d4   defined in Debug\stm8s_tim2.o section .text
_TIM2_Cmd                           00008280   defined in Debug\stm8s_tim2.o section .text
                                               used in Debug\main.o
_TIM2_DeInit                        000080ce   defined in Debug\stm8s_tim2.o section .text
                                               used in Debug\main.o
_TIM2_ForcedOC1Config               000082d3   defined in Debug\stm8s_tim2.o section .text
_TIM2_ForcedOC2Config               000082e0   defined in Debug\stm8s_tim2.o section .text
_TIM2_ForcedOC3Config               000082ed   defined in Debug\stm8s_tim2.o section .text
_TIM2_GenerateEvent                 0000832e   defined in Debug\stm8s_tim2.o section .text
_TIM2_GetCapture1                   00008421   defined in Debug\stm8s_tim2.o section .text
_TIM2_GetCapture2                   0000843e   defined in Debug\stm8s_tim2.o section .text
_TIM2_GetCapture3                   0000845b   defined in Debug\stm8s_tim2.o section .text
_TIM2_GetCounter                    00008478   defined in Debug\stm8s_tim2.o section .text
_TIM2_GetFlagStatus                 00008494   defined in Debug\stm8s_tim2.o section .text
_TIM2_GetITStatus                   000084b6   defined in Debug\stm8s_tim2.o section .text
_TIM2_GetPrescaler                  00008490   defined in Debug\stm8s_tim2.o section .text
_TIM2_ICInit                        000081cd   defined in Debug\stm8s_tim2.o section .text
_TIM2_ITConfig                      0000828d   defined in Debug\stm8s_tim2.o section .text
_TIM2_OC1Init                       00008137   defined in Debug\stm8s_tim2.o section .text
                                               used in Debug\main.o
_TIM2_OC1PolarityConfig             00008332   defined in Debug\stm8s_tim2.o section .text
_TIM2_OC1PreloadConfig              00008307   defined in Debug\stm8s_tim2.o section .text
                                               used in Debug\main.o
_TIM2_OC2Init                       00008169   defined in Debug\stm8s_tim2.o section .text
                                               used in Debug\main.o
_TIM2_OC2PolarityConfig             0000833f   defined in Debug\stm8s_tim2.o section .text
_TIM2_OC2PreloadConfig              00008314   defined in Debug\stm8s_tim2.o section .text
                                               used in Debug\main.o
_TIM2_OC3Init                       0000819b   defined in Debug\stm8s_tim2.o section .text
                                               used in Debug\main.o
_TIM2_OC3PolarityConfig             0000834c   defined in Debug\stm8s_tim2.o section .text
_TIM2_OC3PreloadConfig              00008321   defined in Debug\stm8s_tim2.o section .text
                                               used in Debug\main.o
_TIM2_PWMIConfig                    00008213   defined in Debug\stm8s_tim2.o section .text
_TIM2_PrescalerConfig               000082ca   defined in Debug\stm8s_tim2.o section .text
_TIM2_SelectOCxM                    00008393   defined in Debug\stm8s_tim2.o section .text
_TIM2_SelectOnePulseMode            000082bd   defined in Debug\stm8s_tim2.o section .text
_TIM2_SetAutoreload                 000083d6   defined in Debug\stm8s_tim2.o section .text
_TIM2_SetCompare1                   000083df   defined in Debug\stm8s_tim2.o section .text
_TIM2_SetCompare2                   000083e8   defined in Debug\stm8s_tim2.o section .text
_TIM2_SetCompare3                   000083f1   defined in Debug\stm8s_tim2.o section .text
_TIM2_SetCounter                    000083cd   defined in Debug\stm8s_tim2.o section .text
_TIM2_SetIC1Prescaler               000083fa   defined in Debug\stm8s_tim2.o section .text
_TIM2_SetIC2Prescaler               00008407   defined in Debug\stm8s_tim2.o section .text
_TIM2_SetIC3Prescaler               00008414   defined in Debug\stm8s_tim2.o section .text
_TIM2_TimeBaseInit                  00008127   defined in Debug\stm8s_tim2.o section .text
                                               used in Debug\main.o
_TIM2_UpdateDisableConfig           000082a3   defined in Debug\stm8s_tim2.o section .text
_TIM2_UpdateRequestConfig           000082b0   defined in Debug\stm8s_tim2.o section .text
__endmem                            000001ff   defined in command file
                                               *** not used ***
__endzp                             00000006   defined in command file section .ubsct
                                               used in C:\Program Files (x86)\COSMIC\CXSTM8_32K\Lib\crtsi0.sm8
__idesc__                           00008080   defined in linker section .init
                                               used in C:\Program Files (x86)\COSMIC\CXSTM8_32K\Lib\crtsi0.sm8
__memory                            00000100   defined in command file section .bss
                                               used in C:\Program Files (x86)\COSMIC\CXSTM8_32K\Lib\crtsi0.sm8
__stack                             000003ff   defined in command file
                                               used in C:\Program Files (x86)\COSMIC\CXSTM8_32K\Lib\crtsi0.sm8
__startmem                          00000100   defined in command file section .bss
                                               *** not used ***
__stext                             00008083   defined in C:\Program Files (x86)\COSMIC\CXSTM8_32K\Lib\crtsi0.sm8 section .text
                                               used in Debug\stm8_interrupt_vector.o
__vectab                            00008000   defined in Debug\stm8_interrupt_vector.o section .const
_exit                               000080cc   defined in C:\Program Files (x86)\COSMIC\CXSTM8_32K\Lib\crtsi0.sm8 section .text
_main                               00008569   defined in Debug\main.o section .text
                                               used in C:\Program Files (x86)\COSMIC\CXSTM8_32K\Lib\crtsi0.sm8
c_x                                 00000000   defined in (C:\Program Files (x86)\COSMIC\CXSTM8_32K\Lib\libm0.sm8)xreg.o section .ubsct
                                               used in C:\Program Files (x86)\COSMIC\CXSTM8_32K\Lib\crtsi0.sm8
c_y                                 00000003   defined in (C:\Program Files (x86)\COSMIC\CXSTM8_32K\Lib\libm0.sm8)yreg.o section .ubsct
                                               used in C:\Program Files (x86)\COSMIC\CXSTM8_32K\Lib\crtsi0.sm8
f_ADC1_IRQHandler                   000085d0   defined in Debug\stm8s_it.o section .text
                                               used in Debug\stm8_interrupt_vector.o
f_AWU_IRQHandler                    000085c1   defined in Debug\stm8s_it.o section .text
                                               used in Debug\stm8_interrupt_vector.o
f_CLK_IRQHandler                    000085c2   defined in Debug\stm8s_it.o section .text
                                               used in Debug\stm8_interrupt_vector.o
f_EEPROM_EEC_IRQHandler             000085d2   defined in Debug\stm8s_it.o section .text
                                               used in Debug\stm8_interrupt_vector.o
f_EXTI_PORTA_IRQHandler             000085c3   defined in Debug\stm8s_it.o section .text
                                               used in Debug\stm8_interrupt_vector.o
f_EXTI_PORTB_IRQHandler             000085c4   defined in Debug\stm8s_it.o section .text
                                               used in Debug\stm8_interrupt_vector.o
f_EXTI_PORTC_IRQHandler             000085c5   defined in Debug\stm8s_it.o section .text
                                               used in Debug\stm8_interrupt_vector.o
f_EXTI_PORTD_IRQHandler             000085c6   defined in Debug\stm8s_it.o section .text
                                               used in Debug\stm8_interrupt_vector.o
f_EXTI_PORTE_IRQHandler             000085c7   defined in Debug\stm8s_it.o section .text
                                               used in Debug\stm8_interrupt_vector.o
f_I2C_IRQHandler                    000085cf   defined in Debug\stm8s_it.o section .text
                                               used in Debug\stm8_interrupt_vector.o
f_NonHandledInterrupt               000085be   defined in Debug\stm8s_it.o section .text
                                               used in Debug\stm8_interrupt_vector.o
f_SPI_IRQHandler                    000085c8   defined in Debug\stm8s_it.o section .text
                                               used in Debug\stm8_interrupt_vector.o
f_TIM1_CAP_COM_IRQHandler           000085ca   defined in Debug\stm8s_it.o section .text
                                               used in Debug\stm8_interrupt_vector.o
f_TIM1_UPD_OVF_TRG_BRK_IRQHandler   000085c9   defined in Debug\stm8s_it.o section .text
                                               used in Debug\stm8_interrupt_vector.o
f_TIM2_CAP_COM_IRQHandler           000085cc   defined in Debug\stm8s_it.o section .text
                                               used in Debug\stm8_interrupt_vector.o
f_TIM2_UPD_OVF_BRK_IRQHandler       000085cb   defined in Debug\stm8s_it.o section .text
                                               used in Debug\stm8_interrupt_vector.o
f_TIM4_UPD_OVF_IRQHandler           000085d1   defined in Debug\stm8s_it.o section .text
                                               used in Debug\stm8_interrupt_vector.o
f_TLI_IRQHandler                    000085c0   defined in Debug\stm8s_it.o section .text
                                               used in Debug\stm8_interrupt_vector.o
f_TRAP_IRQHandler                   000085bf   defined in Debug\stm8s_it.o section .text
                                               used in Debug\stm8_interrupt_vector.o
f_UART1_RX_IRQHandler               000085ce   defined in Debug\stm8s_it.o section .text
                                               used in Debug\stm8_interrupt_vector.o
f_UART1_TX_IRQHandler               000085cd   defined in Debug\stm8s_it.o section .text
                                               used in Debug\stm8_interrupt_vector.o
